// Jest Snapshot v1, https://goo.gl/fbAQLP

exports[`Test al cliente should Mac 1`] = `"Mac"`;
